============================= test session starts =============================
platform win32 -- Python 3.9.12, pytest-8.4.2, pluggy-1.6.0
rootdir: C:\Users\aravi\OneDrive\Desktop\Customer Segmentation System
collected 0 items / 2 errors

=================================== ERRORS ====================================
_________________ ERROR collecting tests/test_data_loader.py __________________
ImportError while importing test module 'C:\Users\aravi\OneDrive\Desktop\Customer Segmentation System\tests\test_data_loader.py'.
Hint: make sure your test modules/packages have valid Python names.
Traceback:
..\..\..\AppData\Local\Programs\Python\Python39\lib\importlib\__init__.py:127: in import_module
    return _bootstrap._gcd_import(name[level:], package, level)
tests\test_data_loader.py:4: in <module>
    from src.data_loader import generate_transactions, load_data, save_data
E   ModuleNotFoundError: No module named 'src'
____________________ ERROR collecting tests/test_model.py _____________________
ImportError while importing test module 'C:\Users\aravi\OneDrive\Desktop\Customer Segmentation System\tests\test_model.py'.
Hint: make sure your test modules/packages have valid Python names.
Traceback:
..\..\..\AppData\Local\Programs\Python\Python39\lib\importlib\__init__.py:127: in import_module
    return _bootstrap._gcd_import(name[level:], package, level)
tests\test_model.py:3: in <module>
    from src.model import KMeansModel
E   ModuleNotFoundError: No module named 'src'
=========================== short test summary info ===========================
ERROR tests/test_data_loader.py
ERROR tests/test_model.py
!!!!!!!!!!!!!!!!!!! Interrupted: 2 errors during collection !!!!!!!!!!!!!!!!!!!
============================== 2 errors in 0.61s ==============================
